---
source: tui/src/history_cell/tests.rs
expression: rendered
---
╭────────────────────────────────────────────────────────────────────────────────────────────────────────────╮
│ ✨ Update available! 0.142.3 -> 9.9.9                                                                      │
│ Run sh -c 'curl -fsSL https://raw.githubusercontent.com/kbdevs/codex/main/scripts/install-kbdevs-codex.sh  │
│ | CODEX_NON_INTERACTIVE=1 sh' to update.                                                                   │
│                                                                                                            │
│ See full release notes:                                                                                    │
│ https://github.com/kbdevs/codex/releases/latest                                                            │
╰────────────────────────────────────────────────────────────────────────────────────────────────────────────╯
